  Determining projects to restore...
  All projects are up-to-date for restore.
  CourseManagement -> D:\PRN222\PRN222.CourseManagement\CourseManagement\bin\Debug\net8.0\CourseManagement.dll
  PRN222.CourseManagement.Services.Tests -> D:\PRN222\PRN222.CourseManagement\PRN222.CourseManagement.Services.Tests\bin\Debug\net9.0\PRN222.CourseManagement.Services.Tests.dll
Test run for D:\PRN222\PRN222.CourseManagement\PRN222.CourseManagement.Services.Tests\bin\Debug\net9.0\PRN222.CourseManagement.Services.Tests.dll (.NETCoreApp,Version=v9.0)
A total of 1 test files matched the specified pattern.
D:\PRN222\PRN222.CourseManagement\PRN222.CourseManagement.Services.Tests\bin\Debug\net9.0\PRN222.CourseManagement.Services.Tests.dll
NUnit Adapter 4.6.0.0: Test execution started
Running all tests in D:\PRN222\PRN222.CourseManagement\PRN222.CourseManagement.Services.Tests\bin\Debug\net9.0\PRN222.CourseManagement.Services.Tests.dll
   NUnit3TestExecutor discovered 26 of 26 NUnit test cases using Current Discovery mode, Non-Explicit run
  Passed TC11_AddCourse_DuplicateCode_ShouldFail [440 ms]
  Passed TC12_AddCourse_NonExistentDepartment_ShouldFail [32 ms]
  Passed TC13_AddCourse_InvalidCredits_ShouldFail [9 ms]
  Passed TC14_DeleteCourse_HasEnrollments_ShouldFail [28 ms]
  Passed TC15_UpdateCourse_InactiveStatus_ShouldFail [1 ms]
  Passed TC01_AddDepartment_DuplicateName_ShouldFail [5 ms]
  Passed TC02_AddDepartment_ShortName_ShouldFail [7 ms]
  Passed TC03_DeleteDepartment_HasStudents_ShouldFail [4 ms]
  Passed TC04_DeleteDepartment_HasCourses_ShouldFail [2 ms]
  Passed TC16_EnrollStudent_DuplicateEnrollment_ShouldFail [7 ms]
  Passed TC17_EnrollStudent_MaximumCoursesExceeded_ShouldFail [5 ms]
  Passed TC18_EnrollStudent_PastDate_ShouldFail [2 ms]
  Passed TC19_EnrollStudent_DifferentDepartment_ShouldFail [1 ms]
  Passed TC20_EnrollStudent_NonExistentStudent_ShouldFail [4 ms]
  Passed TC21_AssignGrade_NoEnrollment_ShouldFail [1 ms]
  Passed TC22_AssignGrade_InvalidRange_ShouldFail [< 1 ms]
  Passed TC23_AssignGrade_GradeFinalized_ShouldFail [2 ms]
  Passed TC24_EnrollStudent_TransactionRollback_ShouldRollback [330 ms]
NUnit Adapter 4.6.0.0: Test execution complete
  Passed TC25_ServiceMethods_ShouldReturnResultNotThrow [2 ms]
  Passed TC05_AddStudent_DuplicateCode_ShouldFail [4 ms]
  Passed TC06_AddStudent_NonExistentDepartment_ShouldFail [3 ms]
  Passed TC07_AddStudent_EmptyName_ShouldFail [< 1 ms]
  Passed TC08_AddStudent_ShortName_ShouldFail [< 1 ms]
  Passed TC09_AddStudent_DuplicateEmail_ShouldFail [< 1 ms]
  Passed TC10_DeleteStudent_HasEnrollments_ShouldFail [3 ms]
  Passed Test1 [11 ms]

Test Run Successful.
Total tests: 26
     Passed: 26
 Total time: 1,3649 Seconds
